<?xml version="1.0" encoding="utf-8"?><testsuites name="pytest tests"><testsuite name="pytest" errors="0" failures="0" skipped="0" tests="2" time="0.064" timestamp="2025-10-04T20:42:19.751125+03:00" hostname="nofark"><testcase classname="tests.test_demo" name="test_addition" time="0.001" /><testcase classname="tests.test_demo" name="test_uppercase" time="0.000" /></testsuite></testsuites>